// Jest Snapshot v1, https://goo.gl/fbAQLP

exports[`renders correctly 1`] = `
<View>
  <Text
    style={
      Array [
        Object {},
        Array [
          Object {
            "fontSize": 20,
          },
          undefined,
        ],
      ]
    }
  >
    Snapshot test!
  </Text>
</View>
`;
