// Jest Snapshot v1, https://goo.gl/fbAQLP

exports[`renders correctly 1`] = `
<View>
  <Text
    style={
      Array [
        Object {},
        Object {
          "fontSize": 25,
          "fontWeight": "bold",
          "textAlign": "center",
        },
      ]
    }
  >
    Snapshot test!
  </Text>
</View>
`;
