// Jest Snapshot v1, https://goo.gl/fbAQLP

exports[`renders correctly 1`] = `
<View
  style={
    Object {
      "backgroundColor": "#4044C9",
      "flex": 1,
    }
  }
>
  <View
    style={
      Object {
        "flex": 0.8,
        "height": 1214,
        "paddingBottom": 20,
        "paddingLeft": 20,
        "paddingRight": 20,
        "paddingTop": 82,
      }
    }
  >
    <View>
      <Text
        style={
          Object {
            "alignItems": "center",
            "color": "#ffffff",
            "display": "flex",
            "flexDirection": "row",
            "fontFamily": "roboto-black",
            "fontSize": 60,
            "justifyContent": "center",
          }
        }
      >
        Welcome to
      </Text>
      <Text
        style={
          Object {
            "alignItems": "center",
            "color": "#F2994A",
            "display": "flex",
            "flexDirection": "row",
            "fontFamily": "roboto-regular",
            "fontSize": 40,
            "justifyContent": "center",
          }
        }
      >
        Trivia Challenge
      </Text>
    </View>
    <View
      style={
        Object {
          "paddingTop": 100,
        }
      }
    >
      <Text
        style={
          Object {
            "alignItems": "center",
            "color": "#ffffff",
            "display": "flex",
            "flexDirection": "row",
            "fontFamily": "roboto-regular",
            "fontSize": 24,
            "justifyContent": "center",
          }
        }
      >
        You will be presented with 10 True or False questions.
      </Text>
      <Text
        style={
          Array [
            Object {
              "alignItems": "center",
              "color": "#ffffff",
              "display": "flex",
              "flexDirection": "row",
              "fontFamily": "roboto-regular",
              "fontSize": 24,
              "justifyContent": "center",
            },
            Object {
              "fontFamily": "roboto-bold",
            },
          ]
        }
      >
        Can you score 100%?
      </Text>
    </View>
  </View>
  <View
    style={
      Object {
        "alignContent": "center",
        "backgroundColor": "#ffffff",
        "borderTopLeftRadius": 45,
        "borderTopRightRadius": 45,
        "bottom": 0,
        "justifyContent": "space-evenly",
        "left": 0,
        "paddingBottom": 40,
        "paddingLeft": 20,
        "paddingRight": 20,
        "paddingTop": 40,
        "position": "absolute",
        "right": 0,
      }
    }
  >
    <View
      accessible={true}
      isTVSelectable={true}
      onResponderGrant={[Function]}
      onResponderMove={[Function]}
      onResponderRelease={[Function]}
      onResponderTerminate={[Function]}
      onResponderTerminationRequest={[Function]}
      onStartShouldSetResponder={[Function]}
      style={
        Object {
          "alignContent": "center",
          "backgroundColor": "#F2994A",
          "borderRadius": 16,
          "opacity": 1,
          "padding": 10,
        }
      }
    >
      <Text
        style={
          Array [
            Object {
              "color": "#ffffff",
              "fontSize": 20,
              "textAlign": "center",
              "textTransform": "uppercase",
            },
            undefined,
            undefined,
          ]
        }
      >
        Begin
      </Text>
    </View>
  </View>
</View>
`;
