// Jest Snapshot v1, https://goo.gl/fbAQLP

exports[`renders correctly 1`] = `
<View
  style={
    Array [
      Object {},
      undefined,
    ]
  }
>
  <View
    onMoveShouldSetResponder={[Function]}
    onMoveShouldSetResponderCapture={[Function]}
    onResponderEnd={[Function]}
    onResponderGrant={[Function]}
    onResponderMove={[Function]}
    onResponderReject={[Function]}
    onResponderRelease={[Function]}
    onResponderStart={[Function]}
    onResponderTerminate={[Function]}
    onResponderTerminationRequest={[Function]}
    onStartShouldSetResponder={[Function]}
    onStartShouldSetResponderCapture={[Function]}
    style={
      Object {
        "height": "100%",
        "left": 0,
        "opacity": 1,
        "position": "absolute",
        "rotate": "0deg",
        "top": 0,
        "transform": Array [
          Object {
            "translateX": 0,
          },
          Object {
            "translateY": 0,
          },
        ],
        "width": "100%",
      }
    }
  >
    <Text>
      Item 1
    </Text>
  </View>
  <View
    onMoveShouldSetResponder={[Function]}
    onMoveShouldSetResponderCapture={[Function]}
    onResponderEnd={[Function]}
    onResponderGrant={[Function]}
    onResponderMove={[Function]}
    onResponderReject={[Function]}
    onResponderRelease={[Function]}
    onResponderStart={[Function]}
    onResponderTerminate={[Function]}
    onResponderTerminationRequest={[Function]}
    onStartShouldSetResponder={[Function]}
    onStartShouldSetResponderCapture={[Function]}
    style={
      Object {
        "height": "100%",
        "left": 0,
        "opacity": 1,
        "position": "absolute",
        "rotate": "0deg",
        "top": 0,
        "transform": Array [
          Object {
            "translateX": 0,
          },
          Object {
            "translateY": 0,
          },
        ],
        "width": "100%",
      }
    }
  >
    <Text>
      Item 1
    </Text>
  </View>
</View>
`;
