// Jest Snapshot v1, https://goo.gl/fbAQLP

exports[`renders correctly 1`] = `
<View
  style={
    Array [
      Object {
        "borderBottomWidth": 1,
        "borderColor": "#E0E0E0",
        "flex": 1,
        "flexDirection": "row",
        "paddingBottom": 10,
        "paddingTop": 20,
      },
      undefined,
    ]
  }
>
  <Text
    style={
      Object {
        "color": "#828282",
        "flex": 1,
        "justifyContent": "center",
      }
    }
  >
    test
  </Text>
</View>
`;
