// Jest Snapshot v1, https://goo.gl/fbAQLP

exports[`renders correctly 1`] = `
<View
  style={
    Object {
      "alignContent": "center",
      "backgroundColor": "#cccccc",
      "flex": 1,
      "justifyContent": "space-between",
      "paddingTop": 20,
    }
  }
>
  <View>
    <Text
      style={
        Array [
          Object {},
          Object {
            "fontSize": 25,
            "fontWeight": "bold",
            "textAlign": "center",
          },
        ]
      }
    >
      Welcome to Trivia Challenge!
    </Text>
  </View>
  <View>
    <Text
      style={
        Array [
          Object {},
          Array [
            Object {
              "fontSize": 20,
            },
            Object {
              "textAlign": "center",
            },
          ],
        ]
      }
    >
      You will be presented with 10 True or False questions.
    </Text>
  </View>
  <View>
    <Text
      style={
        Array [
          Object {},
          Array [
            Object {
              "fontSize": 20,
            },
            Object {
              "textAlign": "center",
            },
          ],
        ]
      }
    >
      Can you score 100%?
    </Text>
  </View>
  <View
    accessible={true}
    isTVSelectable={true}
    onResponderGrant={[Function]}
    onResponderMove={[Function]}
    onResponderRelease={[Function]}
    onResponderTerminate={[Function]}
    onResponderTerminationRequest={[Function]}
    onStartShouldSetResponder={[Function]}
    style={
      Object {
        "opacity": 1,
      }
    }
  >
    <View
      style={
        Array [
          Object {
            "alignContent": "center",
            "padding": 10,
          },
          undefined,
        ]
      }
    >
      <Text
        style={
          Object {
            "fontSize": 20,
            "textAlign": "center",
            "textTransform": "uppercase",
          }
        }
      >
        Begin
      </Text>
    </View>
  </View>
</View>
`;
