// Jest Snapshot v1, https://goo.gl/fbAQLP

exports[`renders correctly 1`] = `
<View
  style={
    Object {
      "backgroundColor": "#F2C94C",
      "flex": 1,
    }
  }
>
  <View
    style={
      Object {
        "flex": 0.85,
        "justifyContent": "space-between",
        "paddingBottom": 20,
        "paddingLeft": 20,
        "paddingRight": 20,
        "paddingTop": 78,
      }
    }
  >
    <View>
      <Text
        style={
          Object {
            "alignItems": "center",
            "color": "#ffffff",
            "display": "flex",
            "flexDirection": "row",
            "fontFamily": "roboto-black",
            "fontSize": 60,
            "justifyContent": "center",
          }
        }
      >
        Welcome to
      </Text>
      <Text
        style={
          Object {
            "alignItems": "center",
            "color": "#21357C",
            "display": "flex",
            "flexDirection": "row",
            "fontFamily": "roboto-black",
            "fontSize": 40,
            "justifyContent": "center",
          }
        }
      >
        Trivia Challenge
      </Text>
    </View>
    <Text
      style={
        Object {
          "alignItems": "center",
          "color": "#ffffff",
          "display": "flex",
          "flexDirection": "row",
          "fontFamily": "roboto-regular",
          "fontSize": 24,
          "justifyContent": "center",
        }
      }
    >
      You will be presented with 10 True or False questions.
    </Text>
    <Text
      style={
        Array [
          Object {
            "alignItems": "center",
            "color": "#ffffff",
            "display": "flex",
            "flexDirection": "row",
            "fontFamily": "roboto-regular",
            "fontSize": 24,
            "justifyContent": "center",
          },
          Object {
            "textAlign": "center",
          },
        ]
      }
    >
      Can you score 100%?
    </Text>
  </View>
  <View
    style={
      Object {
        "alignContent": "center",
        "backgroundColor": "#ffffff",
        "borderTopLeftRadius": 45,
        "borderTopRightRadius": 45,
        "bottom": 0,
        "justifyContent": "space-evenly",
        "left": 0,
        "padding": 20,
        "position": "absolute",
        "right": 0,
        "shadowColor": "#D0BD0F",
        "shadowOffset": Object {
          "height": 4,
          "width": 0,
        },
        "shadowOpacity": 1,
        "shadowRadius": 10,
      }
    }
  >
    <View
      accessible={true}
      isTVSelectable={true}
      onResponderGrant={[Function]}
      onResponderMove={[Function]}
      onResponderRelease={[Function]}
      onResponderTerminate={[Function]}
      onResponderTerminationRequest={[Function]}
      onStartShouldSetResponder={[Function]}
      style={
        Object {
          "opacity": 1,
        }
      }
    >
      <View
        style={
          Array [
            Object {
              "alignContent": "center",
              "padding": 10,
            },
            undefined,
          ]
        }
      >
        <Text
          style={
            Object {
              "fontSize": 20,
              "textAlign": "center",
              "textTransform": "uppercase",
            }
          }
        >
          Begin
        </Text>
      </View>
    </View>
  </View>
</View>
`;
