// Jest Snapshot v1, https://goo.gl/fbAQLP

exports[`renders correctly 1`] = `
<View
  accessible={true}
  isTVSelectable={true}
  onResponderGrant={[Function]}
  onResponderMove={[Function]}
  onResponderRelease={[Function]}
  onResponderTerminate={[Function]}
  onResponderTerminationRequest={[Function]}
  onStartShouldSetResponder={[Function]}
  style={
    Object {
      "opacity": 1,
    }
  }
>
  <View
    style={
      Array [
        Object {
          "alignContent": "center",
          "padding": 10,
        },
        undefined,
      ]
    }
  >
    <Text
      style={
        Object {
          "fontSize": 20,
          "textAlign": "center",
          "textTransform": "uppercase",
        }
      }
    >
      Snapshot Button
    </Text>
  </View>
</View>
`;
