// Jest Snapshot v1, https://goo.gl/fbAQLP

exports[`renders correctly 1`] = `
<View
  accessible={true}
  isTVSelectable={true}
  onResponderGrant={[Function]}
  onResponderMove={[Function]}
  onResponderRelease={[Function]}
  onResponderTerminate={[Function]}
  onResponderTerminationRequest={[Function]}
  onStartShouldSetResponder={[Function]}
  style={
    Object {
      "alignContent": "center",
      "alignSelf": "center",
      "backgroundColor": "#6FCF97",
      "borderRadius": 16,
      "display": "flex",
      "flexDirection": "row",
      "opacity": 1,
      "padding": 10,
      "paddingLeft": 30,
      "paddingRight": 30,
    }
  }
>
  <Text
    style={
      Array [
        Object {
          "color": "#ffffff",
          "fontSize": 20,
          "textAlign": "center",
          "textTransform": "uppercase",
        },
        undefined,
        undefined,
      ]
    }
  >
    Snapshot Button
  </Text>
</View>
`;
